Exact Audio Copy V1.5 from 20. February 2020

EAC extraction logfile from 15. July 2020, 13:42

Various Artists / Rock 202

Used drive  : TSSTcorpCDDVDW SH-224DB   Adapter: 1  ID: 0

Read mode               : Secure
Utilize accurate stream : Yes
Defeat audio cache      : Yes
Make use of C2 pointers : No

Read offset correction                      : 6
Overread into Lead-In and Lead-Out          : No
Fill up missing offset samples with silence : Yes
Delete leading and trailing silent blocks   : No
Null samples used in CRC calculations       : Yes
Used interface                              : Native Win32 interface for Win NT & 2000
Gap handling                                : Appended to previous track

Used output format              : User Defined Encoder
Selected bitrate                : 1024 kBit/s
Quality                         : High
Add ID3 tag                     : No
Command line compressor         : C:\Program Files (x86)\Exact Audio Copy\FLAC\FLAC.EXE
Additional command line options : -6 -V -T "ARTIST=%artist%" -T "TITLE=%title%" -T "ALBUM=%albumtitle%" -T "DATE=%year%" -T "TRACKNUMBER=%tracknr%" -T "GENRE=%genre%" -T "COMMENT=%comment%" -T "BAND=%albuminterpret%" -T "ALBUMARTIST=%albuminterpret%" -T "COMPOSER=%composer%" %haslyrics%--tag-from-file=LYRICS="%lyricsfile%"%haslyrics% -T "DISCNUMBER=%cdnumber%" -T "TOTALDISCS=%totalcds%" -T "TOTALTRACKS=%numtracks%" %hascover%--picture="%coverfile%"%hascover% %source% -o %dest%


TOC of the extracted CD

     Track |   Start  |  Length  | Start sector | End sector 
    ---------------------------------------------------------
        1  |  0:00.00 |  4:12.61 |         0    |    18960   
        2  |  4:12.61 |  5:57.45 |     18961    |    45780   
        3  | 10:10.31 |  3:49.46 |     45781    |    63001   
        4  | 14:00.02 |  3:40.45 |     63002    |    79546   
        5  | 17:40.47 |  5:28.20 |     79547    |   104166   
        6  | 23:08.67 |  3:48.45 |    104167    |   121311   
        7  | 26:57.37 |  5:18.56 |    121312    |   145217   
        8  | 32:16.18 |  5:16.19 |    145218    |   168936   
        9  | 37:32.37 |  4:26.62 |    168937    |   188948   
       10  | 41:59.24 |  4:23.71 |    188949    |   208744   
       11  | 46:23.20 |  5:37.32 |    208745    |   234051   
       12  | 52:00.52 |  5:10.20 |    234052    |   257321   
       13  | 57:10.72 |  4:44.07 |    257322    |   278628   
       14  | 61:55.04 |  4:29.35 |    278629    |   298838   


Track  1

     Filename D:\Nir\Various Artists - Rock 202\01 -  Tumi Ki Sara Debe.wav

     Pre-gap length  0:00:02.00

     Peak level 100.0 %
     Extraction speed 1.5 X
     Track quality 100.0 %
     Test CRC A5425871
     Copy CRC A5425871
     Track not present in AccurateRip database
     Copy OK

Track  2

     Filename D:\Nir\Various Artists - Rock 202\02 -  Kobor.wav

     Pre-gap length  0:00:02.00

     Peak level 100.0 %
     Extraction speed 1.8 X
     Track quality 99.9 %
     Test CRC BE09AEB8
     Copy CRC BE09AEB8
     Track not present in AccurateRip database
     Copy OK

Track  3

     Filename D:\Nir\Various Artists - Rock 202\03 -  Keu Na Keu.wav

     Pre-gap length  0:00:02.00

     Peak level 96.8 %
     Extraction speed 2.1 X
     Track quality 100.0 %
     Test CRC 7C2D4AD3
     Copy CRC 7C2D4AD3
     Track not present in AccurateRip database
     Copy OK

Track  4

     Filename D:\Nir\Various Artists - Rock 202\04 -  Keu Karo Noy.wav

     Pre-gap length  0:00:02.00

     Peak level 98.8 %
     Extraction speed 2.3 X
     Track quality 100.0 %
     Test CRC 918265F6
     Copy CRC 918265F6
     Track not present in AccurateRip database
     Copy OK

Track  5

     Filename D:\Nir\Various Artists - Rock 202\05 -  Dhruboshor.wav

     Pre-gap length  0:00:02.00

     Peak level 99.0 %
     Extraction speed 2.8 X
     Track quality 100.0 %
     Test CRC 757327CA
     Copy CRC 757327CA
     Track not present in AccurateRip database
     Copy OK

Track  6

     Filename D:\Nir\Various Artists - Rock 202\06 -  Rebelution.wav

     Pre-gap length  0:00:02.00

     Peak level 99.0 %
     Extraction speed 2.5 X
     Track quality 100.0 %
     Test CRC 2EA777C2
     Copy CRC 2EA777C2
     Track not present in AccurateRip database
     Copy OK

Track  7

     Filename D:\Nir\Various Artists - Rock 202\07 -  Shotto Hok.wav

     Pre-gap length  0:00:02.00

     Peak level 86.1 %
     Extraction speed 3.1 X
     Track quality 99.9 %
     Test CRC 531C3C0F
     Copy CRC 531C3C0F
     Track not present in AccurateRip database
     Copy OK

Track  8

     Filename D:\Nir\Various Artists - Rock 202\08 -  Shurjer Grohon.wav

     Pre-gap length  0:00:02.00

     Peak level 99.0 %
     Extraction speed 3.3 X
     Track quality 100.0 %
     Test CRC 785A9604
     Copy CRC 785A9604
     Track not present in AccurateRip database
     Copy OK

Track  9

     Filename D:\Nir\Various Artists - Rock 202\09 -  Elomelo.wav

     Pre-gap length  0:00:02.00

     Peak level 99.0 %
     Extraction speed 3.5 X
     Track quality 100.0 %
     Test CRC B4CF26AC
     Copy CRC B4CF26AC
     Track not present in AccurateRip database
     Copy OK

Track 10

     Filename D:\Nir\Various Artists - Rock 202\10 -  Bondhu.wav

     Pre-gap length  0:00:02.00

     Peak level 99.0 %
     Extraction speed 3.2 X
     Track quality 99.9 %
     Test CRC E04C04E1
     Copy CRC E04C04E1
     Track not present in AccurateRip database
     Copy OK

Track 11

     Filename D:\Nir\Various Artists - Rock 202\11 -  Kalo Murti.wav

     Pre-gap length  0:00:02.00

     Peak level 99.0 %
     Extraction speed 3.6 X
     Track quality 100.0 %
     Test CRC 46B5BC40
     Copy CRC 46B5BC40
     Track not present in AccurateRip database
     Copy OK

Track 12

     Filename D:\Nir\Various Artists - Rock 202\12 -  Doitota.wav

     Pre-gap length  0:00:02.00

     Peak level 89.7 %
     Extraction speed 3.4 X
     Track quality 100.0 %
     Test CRC 4DFCEEB9
     Copy CRC 4DFCEEB9
     Track not present in AccurateRip database
     Copy OK

Track 13

     Filename D:\Nir\Various Artists - Rock 202\13 -  Osprisson Bhubon.wav

     Pre-gap length  0:00:02.00

     Peak level 99.0 %
     Extraction speed 3.5 X
     Track quality 100.0 %
     Test CRC E463E635
     Copy CRC E463E635
     Track not present in AccurateRip database
     Copy OK

Track 14

     Filename D:\Nir\Various Artists - Rock 202\14 -  Shopnochari.wav

     Pre-gap length  0:00:02.00

     Peak level 99.0 %
     Extraction speed 3.8 X
     Track quality 100.0 %
     Test CRC E22CFC6D
     Copy CRC E22CFC6D
     Track not present in AccurateRip database
     Copy OK


None of the tracks are present in the AccurateRip database

No errors occurred

End of status report

---- CUETools DB Plugin V2.1.6

[CTDB TOCID: w2WgZEZXGDPl5x7HgOqlOaNV19c-] found
Submit result: w2WgZEZXGDPl5x7HgOqlOaNV19c- has been confirmed
Track | CTDB Status
  1   | (3/3) Accurately ripped
  2   | (3/3) Accurately ripped
  3   | (3/3) Accurately ripped
  4   | (3/3) Accurately ripped
  5   | (3/3) Accurately ripped
  6   | (3/3) Accurately ripped
  7   | (3/3) Accurately ripped
  8   | (3/3) Accurately ripped
  9   | (3/3) Accurately ripped
 10   | (3/3) Accurately ripped
 11   | (3/3) Accurately ripped
 12   | (3/3) Accurately ripped
 13   | (3/3) Accurately ripped
 14   | (3/3) Accurately ripped


==== Log checksum C67228AFFA9D88E612BCD0806B49205F584A2003A80D72B95C14468C6E514DBE ====
